eval_20261001T133640Z.json snap True fqg False
   forward_signals.quotes.quote {'full_contiguous': 81, 'too_short_to_verify': 2}
   notable_footnotes.supporting_evidence {'full_contiguous': 232, 'not_contiguous': 3, 'too_short_to_verify': 10}
   results_that_matter.supporting_evidence {'full_contiguous': 237, 'not_contiguous': 6, 'too_short_to_verify': 5}
   risks.supporting_evidence(projected) {'full_contiguous': 265, 'too_short_to_verify': 2}
   V forward_signals.quotes.quote {'new_whole=True': 83, 'build_evidence=True': 81, 'enriched=True': 81, 'enriched_equals_build_evidence=True': 83, 'build_evidence=False': 2, 'enriched=False': 2}
   V notable_footnotes.supporting_evidence {'new_whole=True': 242, 'build_evidence=True': 232, 'new_whole=False': 3, 'build_evidence=False': 13}
   V results_that_matter.supporting_evidence {'new_whole=True': 239, 'build_evidence=True': 237, 'new_whole=False': 9, 'build_evidence=False': 11}
   V risks.supporting_evidence(projected) {'new_whole=True': 267, 'build_evidence=True': 265, 'build_evidence=False': 2}
   forward-quote presentation changes: 0
eval_20261002T041306Z.json snap True fqg False
   forward_signals.quotes.quote {'full_contiguous': 94, 'too_short_to_verify': 1}
   notable_footnotes.supporting_evidence {'full_contiguous': 228, 'not_contiguous': 6, 'too_short_to_verify': 14, 'only_inner_quoted_span': 1}
   results_that_matter.supporting_evidence {'full_contiguous': 254, 'not_contiguous': 10, 'too_short_to_verify': 7}
   risks.supporting_evidence(projected) {'full_contiguous': 267, 'too_short_to_verify': 3}
   V forward_signals.quotes.quote {'new_whole=True': 95, 'build_evidence=True': 94, 'enriched=True': 94, 'enriched_equals_build_evidence=True': 95, 'build_evidence=False': 1, 'enriched=False': 1}
   V notable_footnotes.supporting_evidence {'new_whole=True': 242, 'build_evidence=True': 229, 'new_whole=False': 7, 'build_evidence=False': 20}
   V results_that_matter.supporting_evidence {'new_whole=True': 256, 'build_evidence=True': 254, 'new_whole=False': 15, 'build_evidence=False': 17}
   V risks.supporting_evidence(projected) {'new_whole=True': 270, 'build_evidence=True': 267, 'build_evidence=False': 3}
   EX notable_footnotes.supporting_evidence:only_inner_quoted_span 1 {"ticker": "BYND", "filing_type": "10-Q", "run": 0, "accession": "0001655210-26-000037", "excerpt_sha256": "f1b570e44272220caba695d12b8c4bc54843133dd33f14c0e9b4280716799ff0", "value": "The Company has determined that the errors identified below were immaterial to the previously issued interim unaudited condensed consolidated financial statements for the three months ended March 29, 2025 and has co
   forward-quote presentation changes: 0
TOTALS {
 "results_that_matter.supporting_evidence": {
  "boundary": {
   "full_contiguous": 491,
   "not_contiguous": 16,
   "too_short_to_verify": 12
  },
  "verdicts": {
   "new_whole=True": 495,
   "build_evidence=True": 491,
   "new_whole=False": 24,
   "build_evidence=False": 28
  }
 },
 "notable_footnotes.supporting_evidence": {
  "boundary": {
   "full_contiguous": 460,
   "not_contiguous": 9,
   "too_short_to_verify": 24,
   "only_inner_quoted_span": 1
  },
  "verdicts": {
   "new_whole=True": 484,
   "build_evidence=True": 461,
   "new_whole=False": 10,
   "build_evidence=False": 33
  }
 },
 "forward_signals.quotes.quote": {
  "boundary": {
   "full_contiguous": 175,
   "too_short_to_verify": 3
  },
  "verdicts": {
   "new_whole=True": 178,
   "build_evidence=True": 175,
   "enriched=True": 175,
   "enriched_equals_build_evidence=True": 178,
   "build_evidence=False": 3,
   "enriched=False": 3
  }
 },
 "risks.supporting_evidence(projected)": {
  "boundary": {
   "full_contiguous": 532,
   "too_short_to_verify": 5
  },
  "verdicts": {
   "new_whole=True": 537,
   "build_evidence=True": 532,
   "build_evidence=False": 5
  }
 }
}
